[fbinsta-support-services.vercel.app/index.html]
[backblue.gif]
[fade.gif]
[index.html]
[fbinsta-support-services.vercel.app/Base.css]
[fbinsta-support-services.vercel.app/all.css]
[fbinsta-support-services.vercel.app/text.js]
[fbinsta-support-services.vercel.app/globalnav/apple/contact-us-hero.image.large_2x.jpg]
[fbinsta-support-services.vercel.app/globalnav/apple/contact-us-hero.image.small_2x.jpg]
[fbinsta-support-services.vercel.app/globalnav/apple/us.png]
[fbinsta-support-services.vercel.app/index.html]
[fbinsta-support-services.vercel.app/jquery-1.12.0.min.js]
[fbinsta-support-services.vercel.app/globalnav/apple/image_small.svg]
[fbinsta-support-services.vercel.app/globalnav/links/watch/image_small.svg]
[fbinsta-support-services.vercel.app/globalnav/links/music/image_small.svg]
[fbinsta-support-services.vercel.app/globalnav/links/support/image_small.svg]
[fbinsta-support-services.vercel.app/Base.css]
[fbinsta-support-services.vercel.app/all.css]
[fbinsta-support-services.vercel.app/globalnav/apple/image_large.html]
[fbinsta-support-services.vercel.app/globalnav/apple/image_small.svg]
[fbinsta-support-services.vercel.app/globalnav/links/mac/image_large.html]
[fbinsta-support-services.vercel.app/globalnav/links/mac/image_small.html]
[fbinsta-support-services.vercel.app/globalnav/links/ipad/image_large.html]
[fbinsta-support-services.vercel.app/globalnav/links/ipad/image_small.html]
[fbinsta-support-services.vercel.app/globalnav/links/iphone/image_large.html]
[fbinsta-support-services.vercel.app/globalnav/links/iphone/image_small.html]
[fbinsta-support-services.vercel.app/globalnav/links/watch/image_large.html]
[fbinsta-support-services.vercel.app/globalnav/links/watch/image_small.svg]
[fbinsta-support-services.vercel.app/globalnav/links/tv/image_large.html]
[fbinsta-support-services.vercel.app/globalnav/links/tv/image_small.svg]
[fbinsta-support-services.vercel.app/globalnav/links/music/image_large.html]
[fbinsta-support-services.vercel.app/globalnav/links/music/image_small.svg]
[fbinsta-support-services.vercel.app/globalnav/links/support/image_large.html]
[fbinsta-support-services.vercel.app/globalnav/links/support/image_small.svg]
[fbinsta-support-services.vercel.app/globalnav/search/image_large.html]
[fbinsta-support-services.vercel.app/globalnav/search/image_small.html]
[fbinsta-support-services.vercel.app/globalnav/bag/image_large.html]
[fbinsta-support-services.vercel.app/globalnav/bag/image_small.svg]
[fbinsta-support-services.vercel.app/globalnav/search/icon_reset_small.html]
